Apr-20 20:28:23.735 [main] DEBUG nextflow.cli.Launcher - $> nextflow run main.nf
Apr-20 20:28:23.926 [main] DEBUG nextflow.cli.CmdRun - N E X T F L O W  ~  version 25.10.4
Apr-20 20:28:23.964 [main] DEBUG nextflow.plugin.PluginsFacade - Setting up plugin manager > mode=prod; embedded=false; plugins-dir=/Users/laurengsabo/.nextflow/plugins; core-plugins: nf-amazon@3.4.4,nf-azure@1.20.2,nf-cloudcache@0.5.0,nf-codecommit@0.5.0,nf-console@1.3.0,nf-google@1.23.5,nf-k8s@1.2.2,nf-tower@1.17.5,nf-wave@1.16.1
Apr-20 20:28:23.991 [main] INFO  o.pf4j.DefaultPluginStatusProvider - Enabled plugins: []
Apr-20 20:28:23.991 [main] INFO  o.pf4j.DefaultPluginStatusProvider - Disabled plugins: []
Apr-20 20:28:23.995 [main] INFO  org.pf4j.DefaultPluginManager - PF4J version 3.12.0 in 'deployment' mode
Apr-20 20:28:24.019 [main] DEBUG nextflow.util.RetryConfig - Missing nextflow session - using default retry config
Apr-20 20:28:24.199 [main] INFO  org.pf4j.AbstractPluginManager - No plugins
Apr-20 20:28:24.242 [main] DEBUG nextflow.config.ConfigBuilder - Found config local: /Users/laurengsabo/Documents/biol_7210/Read_Clean_NF/nextflow.config
Apr-20 20:28:24.247 [main] DEBUG nextflow.config.ConfigBuilder - Parsing config file: /Users/laurengsabo/Documents/biol_7210/Read_Clean_NF/nextflow.config
Apr-20 20:28:24.293 [main] DEBUG nextflow.config.ConfigBuilder - Applying config profile: `standard`
Apr-20 20:28:25.261 [main] DEBUG nextflow.plugin.PluginsFacade - Plugins default=[]
Apr-20 20:28:25.262 [main] DEBUG nextflow.plugin.PluginsFacade - Plugins resolved requirement=[]
Apr-20 20:28:25.282 [main] DEBUG n.secret.LocalSecretsProvider - Secrets store: /Users/laurengsabo/.nextflow/secrets/store.json
Apr-20 20:28:25.285 [main] DEBUG nextflow.secret.SecretsLoader - Discovered secrets providers: [nextflow.secret.LocalSecretsProvider@7fc420b8] - activable => nextflow.secret.LocalSecretsProvider@7fc420b8
Apr-20 20:28:25.300 [main] DEBUG nextflow.cli.CmdRun - Applied DSL=2 from script declaration
Apr-20 20:28:25.315 [main] DEBUG nextflow.cli.CmdRun - Launching `main.nf` [backstabbing_lavoisier] DSL2 - revision: d19286a8cc
Apr-20 20:28:25.378 [main] DEBUG nextflow.Session - Session UUID: 35b66c0d-3b0f-487e-9741-e93eeaf19851
Apr-20 20:28:25.379 [main] DEBUG nextflow.Session - Run name: backstabbing_lavoisier
Apr-20 20:28:25.379 [main] DEBUG nextflow.Session - Executor pool size: 10
Apr-20 20:28:25.385 [main] DEBUG nextflow.file.FilePorter - File porter settings maxRetries=3; maxTransfers=50; pollTimeout=null
Apr-20 20:28:25.391 [main] DEBUG nextflow.util.ThreadPoolBuilder - Creating thread pool 'FileTransfer' minSize=10; maxSize=30; workQueue=LinkedBlockingQueue[-1]; allowCoreThreadTimeout=false
Apr-20 20:28:25.423 [main] DEBUG nextflow.cli.CmdRun - 
  Version: 25.10.4 build 11173
  Created: 10-02-2026 15:17 UTC (10:17 EDT)
  System: Mac OS X 26.3.1
  Runtime: Groovy 4.0.28 on OpenJDK 64-Bit Server VM 23.0.2+7
  Encoding: UTF-8 (UTF-8)
  Process: 40957@Laurens-MacBook-Pro.local [127.0.0.1]
  CPUs: 10 - Mem: 16 GB (19 MB) - Swap: 2 GB (1.2 GB)
Apr-20 20:28:25.447 [main] DEBUG nextflow.Session - Work-dir: /Users/laurengsabo/Documents/biol_7210/Read_Clean_NF/work [Mac OS X]
Apr-20 20:28:25.448 [main] DEBUG nextflow.Session - Script base path does not exist or is not a directory: /Users/laurengsabo/Documents/biol_7210/Read_Clean_NF/bin
Apr-20 20:28:25.454 [main] DEBUG nextflow.executor.ExecutorFactory - Extension executors providers=[]
Apr-20 20:28:25.462 [main] DEBUG nextflow.Session - Observer factory (v2): LinObserverFactory
Apr-20 20:28:25.464 [main] DEBUG nextflow.Session - Observer factory (v2): DefaultObserverFactory
Apr-20 20:28:25.522 [main] DEBUG nextflow.cache.CacheFactory - Using Nextflow cache factory: nextflow.cache.DefaultCacheFactory
Apr-20 20:28:25.536 [main] DEBUG nextflow.util.CustomThreadPool - Creating default thread pool > poolSize: 11; maxThreads: 1000
Apr-20 20:28:25.579 [main] DEBUG nextflow.Session - Session start
Apr-20 20:28:25.830 [main] DEBUG nextflow.script.ScriptRunner - > Launching execution
Apr-20 20:28:26.454 [main] DEBUG nextflow.executor.ExecutorFactory - << taskConfig executor: null
Apr-20 20:28:26.454 [main] DEBUG nextflow.executor.ExecutorFactory - >> processorType: 'local'
Apr-20 20:28:26.469 [main] DEBUG nextflow.executor.Executor - [warm up] executor > local
Apr-20 20:28:26.477 [main] DEBUG n.processor.LocalPollingMonitor - Creating local task monitor for executor 'local' > cpus=10; memory=16 GB; capacity=10; pollInterval=100ms; dumpInterval=5m
Apr-20 20:28:26.479 [main] DEBUG n.processor.TaskPollingMonitor - >>> barrier register (monitor: local)
Apr-20 20:28:26.511 [main] DEBUG nextflow.processor.TaskProcessor - Creating process 'FASTP': maxForks=0; fair=false; array=0
Apr-20 20:28:26.539 [main] DEBUG n.script.dsl.ProcessConfigBuilder - Config settings `withName:SPADES` matches process SPADES
Apr-20 20:28:26.540 [main] DEBUG nextflow.executor.ExecutorFactory - << taskConfig executor: null
Apr-20 20:28:26.540 [main] DEBUG nextflow.executor.ExecutorFactory - >> processorType: 'local'
Apr-20 20:28:26.541 [main] DEBUG nextflow.processor.TaskProcessor - Creating process 'SPADES': maxForks=0; fair=false; array=0
Apr-20 20:28:26.550 [main] DEBUG nextflow.executor.ExecutorFactory - << taskConfig executor: null
Apr-20 20:28:26.550 [main] DEBUG nextflow.executor.ExecutorFactory - >> processorType: 'local'
Apr-20 20:28:26.550 [main] DEBUG nextflow.processor.TaskProcessor - Creating process 'SEQKIT': maxForks=0; fair=false; array=0
Apr-20 20:28:26.552 [main] DEBUG nextflow.Session - Workflow process names [dsl2]: SEQKIT, SPADES, FASTP
Apr-20 20:28:26.553 [main] DEBUG nextflow.Session - Igniting dataflow network (4)
Apr-20 20:28:26.558 [main] DEBUG nextflow.processor.TaskProcessor - Starting process > FASTP
Apr-20 20:28:26.559 [main] DEBUG nextflow.processor.TaskProcessor - Starting process > SPADES
Apr-20 20:28:26.560 [main] DEBUG nextflow.processor.TaskProcessor - Starting process > SEQKIT
Apr-20 20:28:26.561 [main] DEBUG nextflow.script.ScriptRunner - Parsed script files:
  Script_1da6bad3fa90b332: /Users/laurengsabo/Documents/biol_7210/Read_Clean_NF/main.nf
  Script_c4e0dc5e87ff9b6f: /Users/laurengsabo/Documents/biol_7210/Read_Clean_NF/modules/local/seqkit/main.nf
  Script_a0a7558d6b4d3c86: /Users/laurengsabo/Documents/biol_7210/Read_Clean_NF/modules/local/spades/main.nf
  Script_0622cac981891b29: /Users/laurengsabo/Documents/biol_7210/Read_Clean_NF/modules/local/fastp/main.nf
Apr-20 20:28:26.561 [main] DEBUG nextflow.script.ScriptRunner - > Awaiting termination 
Apr-20 20:28:26.561 [main] DEBUG nextflow.Session - Session await
Apr-20 20:28:27.044 [Task submitter] DEBUG n.executor.local.LocalTaskHandler - Launch cmd line: /bin/bash -ue .command.run
Apr-20 20:28:27.050 [Task submitter] INFO  nextflow.Session - [f2/a5c442] Submitted process > FASTP (sample01)
Apr-20 20:28:31.762 [Task monitor] DEBUG n.processor.TaskPollingMonitor - Task completed > TaskHandler[id: 1; name: FASTP (sample01); status: COMPLETED; exit: 0; error: -; workDir: /Users/laurengsabo/Documents/biol_7210/Read_Clean_NF/work/f2/a5c442d943eb6f7a9b4e79881f30da]
Apr-20 20:28:31.765 [Task monitor] DEBUG nextflow.util.ThreadPoolBuilder - Creating thread pool 'TaskFinalizer' minSize=10; maxSize=30; workQueue=LinkedBlockingQueue[-1]; allowCoreThreadTimeout=false
Apr-20 20:28:31.852 [TaskFinalizer-1] DEBUG nextflow.util.ThreadPoolBuilder - Creating thread pool 'PublishDir' minSize=10; maxSize=30; workQueue=LinkedBlockingQueue[-1]; allowCoreThreadTimeout=false
Apr-20 20:28:31.954 [Task submitter] DEBUG n.executor.local.LocalTaskHandler - Launch cmd line: /bin/bash -ue .command.run
Apr-20 20:28:31.974 [Task submitter] INFO  nextflow.Session - [88/e905e9] Submitted process > SPADES (sample01)
Apr-20 20:28:32.030 [Task submitter] DEBUG n.executor.local.LocalTaskHandler - Launch cmd line: /bin/bash -ue .command.run
Apr-20 20:28:32.032 [Task submitter] INFO  nextflow.Session - [3f/c25ee4] Submitted process > SEQKIT (sample01)
Apr-20 20:28:34.922 [Task monitor] DEBUG n.processor.TaskPollingMonitor - Task completed > TaskHandler[id: 3; name: SEQKIT (sample01); status: COMPLETED; exit: 0; error: -; workDir: /Users/laurengsabo/Documents/biol_7210/Read_Clean_NF/work/3f/c25ee488072e42a5f7f703b297887b]
Apr-20 20:33:26.694 [Task monitor] DEBUG n.processor.TaskPollingMonitor - !! executor local > tasks to be completed: 1 -- submitted tasks are shown below
~> TaskHandler[id: 2; name: SPADES (sample01); status: RUNNING; exit: -; error: -; workDir: /Users/laurengsabo/Documents/biol_7210/Read_Clean_NF/work/88/e905e9e6cd5bf430e46eba3d1a1114]
Apr-20 20:34:44.486 [Task monitor] DEBUG n.processor.TaskPollingMonitor - Task completed > TaskHandler[id: 2; name: SPADES (sample01); status: COMPLETED; exit: 0; error: -; workDir: /Users/laurengsabo/Documents/biol_7210/Read_Clean_NF/work/88/e905e9e6cd5bf430e46eba3d1a1114]
Apr-20 20:34:44.527 [main] DEBUG nextflow.Session - Session await > all processes finished
Apr-20 20:34:44.593 [Task monitor] DEBUG n.processor.TaskPollingMonitor - <<< barrier arrives (monitor: local) - terminating tasks monitor poll loop
Apr-20 20:34:44.593 [main] DEBUG nextflow.Session - Session await > all barriers passed
Apr-20 20:34:44.614 [main] DEBUG nextflow.util.ThreadPoolManager - Thread pool 'TaskFinalizer' shutdown completed (hard=false)
Apr-20 20:34:44.615 [main] DEBUG nextflow.util.ThreadPoolManager - Thread pool 'PublishDir' shutdown completed (hard=false)
Apr-20 20:34:44.634 [main] DEBUG n.trace.WorkflowStatsObserver - Workflow completed > WorkflowStats[succeededCount=3; failedCount=0; ignoredCount=0; cachedCount=0; pendingCount=0; submittedCount=0; runningCount=0; retriesCount=0; abortedCount=0; succeedDuration=12m 40s; failedDuration=0ms; cachedDuration=0ms;loadCpus=0; loadMemory=0; peakRunning=2; peakCpus=4; peakMemory=8 GB; ]
Apr-20 20:34:44.901 [main] DEBUG nextflow.cache.CacheDB - Closing CacheDB done
Apr-20 20:34:44.943 [main] DEBUG nextflow.util.ThreadPoolManager - Thread pool 'FileTransfer' shutdown completed (hard=false)
Apr-20 20:34:44.945 [main] DEBUG nextflow.script.ScriptRunner - > Execution complete -- Goodbye
