Unable to find image 'staphb/spades:4.0.0' locally
4.0.0: Pulling from staphb/spades
4f4fb700ef54: Pulling fs layer
0acd07868afc: Pulling fs layer
7646c8da3324: Pulling fs layer
2aa88d15a539: Pulling fs layer
4f4fb700ef54: Already exists
121b7a1b8f0b: Download complete
0acd07868afc: Download complete
7646c8da3324: Download complete
7646c8da3324: Pull complete
0acd07868afc: Pull complete
2aa88d15a539: Download complete
4f4fb700ef54: Pull complete
2aa88d15a539: Pull complete
Digest: sha256:5df39e8404df2678ccc6c6ed9d7aa0e59b79dfa798aef7fd4fc06cc86ba0b4c0
Status: Downloaded newer image for staphb/spades:4.0.0


== Warning ==  No assembly mode was specified! If you intend to assemble high-coverage multi-cell/isolate data, use '--isolate' option.




== Error ==  file is empty: /Users/laurengsabo/Documents/biol_7210/Read_Clean_NF/work/16/45deae8bb36ad6f1236187d1cefc44/sample01_trimmed_1.fastq.gz (left reads, library number: 1, library type: paired-end)

In case you have troubles running SPAdes, you can report an issue on our GitHub repository github.com/ablab/spades
Please provide us with params.txt and spades.log files from the output directory.
